0 verbose cli C:\Program Files\nodejs\node.exe C:\Program Files\nodejs\node_modules\npm\bin\npm-cli.js
1 info using npm@10.2.4
2 info using node@v20.11.0
3 timing npm:load:whichnode Completed in 2ms
4 timing config:load:defaults Completed in 2ms
5 timing config:load:file:C:\Program Files\nodejs\node_modules\npm\npmrc Completed in 4ms
6 timing config:load:builtin Completed in 5ms
7 timing config:load:cli Completed in 2ms
8 timing config:load:env Completed in 0ms
9 timing config:load:file:C:\Users\farma_gi04\itstep\hw\hw_Farmanov_06.02.2024\app\.npmrc Completed in 1ms
10 timing config:load:project Completed in 2ms
11 timing config:load:file:C:\Users\farma_gi04\.npmrc Completed in 0ms
12 timing config:load:user Completed in 1ms
13 timing config:load:file:C:\Users\farma_gi04\AppData\Roaming\npm\etc\npmrc Completed in 0ms
14 timing config:load:global Completed in 0ms
15 timing config:load:setEnvs Completed in 1ms
16 timing config:load Completed in 13ms
17 timing npm:load:configload Completed in 13ms
18 timing config:load:flatten Completed in 2ms
19 timing npm:load:mkdirpcache Completed in 1ms
20 timing npm:load:mkdirplogs Completed in 0ms
21 verbose title npm i tailwindcss postcss
22 verbose argv "i" "tailwindcss" "postcss"
23 timing npm:load:setTitle Completed in 1ms
24 timing npm:load:display Completed in 0ms
25 verbose logfile logs-max:10 dir:C:\Users\farma_gi04\itstep\hw\hw_Farmanov_06.02.2024\app\AppData\Local\npm-cache\_logs\2024-07-16T11_43_42_408Z-
26 verbose logfile C:\Users\farma_gi04\itstep\hw\hw_Farmanov_06.02.2024\app\AppData\Local\npm-cache\_logs\2024-07-16T11_43_42_408Z-debug-0.log
27 timing npm:load:logFile Completed in 10ms
28 timing npm:load:timers Completed in 0ms
29 timing npm:load:configScope Completed in 0ms
30 timing npm:load Completed in 52ms
31 timing arborist:ctor Completed in 0ms
32 silly logfile done cleaning log files
33 timing idealTree:init Completed in 782ms
34 timing idealTree:userRequests Completed in 1ms
35 silly idealTree buildDeps
36 silly fetch manifest tailwindcss@*
37 timing arborist:ctor Completed in 0ms
38 http fetch GET 200 https://registry.npmjs.org/npm 1613ms (cache miss)
39 http fetch GET 200 https://registry.npmjs.org/tailwindcss 1120ms (cache miss)
40 silly fetch manifest postcss@*
41 http fetch GET 200 https://registry.npmjs.org/postcss 236ms (cache miss)
42 silly placeDep ROOT postcss@8.4.39 REPLACE for: app@0.1.0 want: *
43 silly placeDep ROOT tailwindcss@3.4.5 REPLACE for: app@0.1.0 want: *
44 timing idealTree:#root Completed in 1426ms
45 timing idealTree:node_modules/postcss Completed in 1ms
46 timing idealTree:node_modules/tailwindcss Completed in 0ms
47 timing idealTree:buildDeps Completed in 1428ms
48 timing idealTree:fixDepFlags Completed in 11ms
49 timing idealTree Completed in 2237ms
50 timing reify:loadTrees Completed in 2239ms
51 timing reify:diffTrees Completed in 28ms
52 silly reify moves {}
53 timing reify:retireShallow Completed in 1ms
54 timing reify:createSparse Completed in 2ms
55 timing reify:loadBundles Completed in 0ms
56 silly audit bulk request {
56 silly audit   '@adobe/css-tools': [ '4.4.0' ],
56 silly audit   '@alloc/quick-lru': [ '5.2.0' ],
56 silly audit   '@ampproject/remapping': [ '2.3.0' ],
56 silly audit   '@babel/code-frame': [ '7.24.7' ],
56 silly audit   '@babel/compat-data': [ '7.24.9' ],
56 silly audit   '@babel/core': [ '7.24.9' ],
56 silly audit   semver: [ '6.3.1', '7.6.2' ],
56 silly audit   '@babel/eslint-parser': [ '7.24.8' ],
56 silly audit   'eslint-visitor-keys': [ '2.1.0', '3.4.3' ],
56 silly audit   '@babel/generator': [ '7.24.10' ],
56 silly audit   '@babel/helper-annotate-as-pure': [ '7.24.7' ],
56 silly audit   '@babel/helper-builder-binary-assignment-operator-visitor': [ '7.24.7' ],
56 silly audit   '@babel/helper-compilation-targets': [ '7.24.8' ],
56 silly audit   '@babel/helper-create-class-features-plugin': [ '7.24.8' ],
56 silly audit   '@babel/helper-create-regexp-features-plugin': [ '7.24.7' ],
56 silly audit   '@babel/helper-define-polyfill-provider': [ '0.6.2' ],
56 silly audit   '@babel/helper-environment-visitor': [ '7.24.7' ],
56 silly audit   '@babel/helper-function-name': [ '7.24.7' ],
56 silly audit   '@babel/helper-hoist-variables': [ '7.24.7' ],
56 silly audit   '@babel/helper-member-expression-to-functions': [ '7.24.8' ],
56 silly audit   '@babel/helper-module-imports': [ '7.24.7' ],
56 silly audit   '@babel/helper-module-transforms': [ '7.24.9' ],
56 silly audit   '@babel/helper-optimise-call-expression': [ '7.24.7' ],
56 silly audit   '@babel/helper-plugin-utils': [ '7.24.8' ],
56 silly audit   '@babel/helper-remap-async-to-generator': [ '7.24.7' ],
56 silly audit   '@babel/helper-replace-supers': [ '7.24.7' ],
56 silly audit   '@babel/helper-simple-access': [ '7.24.7' ],
56 silly audit   '@babel/helper-skip-transparent-expression-wrappers': [ '7.24.7' ],
56 silly audit   '@babel/helper-split-export-declaration': [ '7.24.7' ],
56 silly audit   '@babel/helper-string-parser': [ '7.24.8' ],
56 silly audit   '@babel/helper-validator-identifier': [ '7.24.7' ],
56 silly audit   '@babel/helper-validator-option': [ '7.24.8' ],
56 silly audit   '@babel/helper-wrap-function': [ '7.24.7' ],
56 silly audit   '@babel/helpers': [ '7.24.8' ],
56 silly audit   '@babel/highlight': [ '7.24.7' ],
56 silly audit   '@babel/parser': [ '7.24.8' ],
56 silly audit   '@babel/plugin-bugfix-firefox-class-in-computed-class-key': [ '7.24.7' ],
56 silly audit   '@babel/plugin-bugfix-safari-id-destructuring-collision-in-function-expression': [ '7.24.7' ],
56 silly audit   '@babel/plugin-bugfix-v8-spread-parameters-in-optional-chaining': [ '7.24.7' ],
56 silly audit   '@babel/plugin-bugfix-v8-static-class-fields-redefine-readonly': [ '7.24.7' ],
56 silly audit   '@babel/plugin-proposal-class-properties': [ '7.18.6' ],
56 silly audit   '@babel/plugin-proposal-decorators': [ '7.24.7' ],
56 silly audit   '@babel/plugin-proposal-nullish-coalescing-operator': [ '7.18.6' ],
56 silly audit   '@babel/plugin-proposal-numeric-separator': [ '7.18.6' ],
56 silly audit   '@babel/plugin-proposal-optional-chaining': [ '7.21.0' ],
56 silly audit   '@babel/plugin-proposal-private-methods': [ '7.18.6' ],
56 silly audit   '@babel/plugin-proposal-private-property-in-object': [ '7.21.0-placeholder-for-preset-env.2' ],
56 silly audit   '@babel/plugin-syntax-async-generators': [ '7.8.4' ],
56 silly audit   '@babel/plugin-syntax-bigint': [ '7.8.3' ],
56 silly audit   '@babel/plugin-syntax-class-properties': [ '7.12.13' ],
56 silly audit   '@babel/plugin-syntax-class-static-block': [ '7.14.5' ],
56 silly audit   '@babel/plugin-syntax-decorators': [ '7.24.7' ],
56 silly audit   '@babel/plugin-syntax-dynamic-import': [ '7.8.3' ],
56 silly audit   '@babel/plugin-syntax-export-namespace-from': [ '7.8.3' ],
56 silly audit   '@babel/plugin-syntax-flow': [ '7.24.7' ],
56 silly audit   '@babel/plugin-syntax-import-assertions': [ '7.24.7' ],
56 silly audit   '@babel/plugin-syntax-import-attributes': [ '7.24.7' ],
56 silly audit   '@babel/plugin-syntax-import-meta': [ '7.10.4' ],
56 silly audit   '@babel/plugin-syntax-json-strings': [ '7.8.3' ],
56 silly audit   '@babel/plugin-syntax-jsx': [ '7.24.7' ],
56 silly audit   '@babel/plugin-syntax-logical-assignment-operators': [ '7.10.4' ],
56 silly audit   '@babel/plugin-syntax-nullish-coalescing-operator': [ '7.8.3' ],
56 silly audit   '@babel/plugin-syntax-numeric-separator': [ '7.10.4' ],
56 silly audit   '@babel/plugin-syntax-object-rest-spread': [ '7.8.3' ],
56 silly audit   '@babel/plugin-syntax-optional-catch-binding': [ '7.8.3' ],
56 silly audit   '@babel/plugin-syntax-optional-chaining': [ '7.8.3' ],
56 silly audit   '@babel/plugin-syntax-private-property-in-object': [ '7.14.5' ],
56 silly audit   '@babel/plugin-syntax-top-level-await': [ '7.14.5' ],
56 silly audit   '@babel/plugin-syntax-typescript': [ '7.24.7' ],
56 silly audit   '@babel/plugin-syntax-unicode-sets-regex': [ '7.18.6' ],
56 silly audit   '@babel/plugin-transform-arrow-functions': [ '7.24.7' ],
56 silly audit   '@babel/plugin-transform-async-generator-functions': [ '7.24.7' ],
56 silly audit   '@babel/plugin-transform-async-to-generator': [ '7.24.7' ],
56 silly audit   '@babel/plugin-transform-block-scoped-functions': [ '7.24.7' ],
56 silly audit   '@babel/plugin-transform-block-scoping': [ '7.24.7' ],
56 silly audit   '@babel/plugin-transform-class-properties': [ '7.24.7' ],
56 silly audit   '@babel/plugin-transform-class-static-block': [ '7.24.7' ],
56 silly audit   '@babel/plugin-transform-classes': [ '7.24.8' ],
56 silly audit   '@babel/plugin-transform-computed-properties': [ '7.24.7' ],
56 silly audit   '@babel/plugin-transform-destructuring': [ '7.24.8' ],
56 silly audit   '@babel/plugin-transform-dotall-regex': [ '7.24.7' ],
56 silly audit   '@babel/plugin-transform-duplicate-keys': [ '7.24.7' ],
56 silly audit   '@babel/plugin-transform-dynamic-import': [ '7.24.7' ],
56 silly audit   '@babel/plugin-transform-exponentiation-operator': [ '7.24.7' ],
56 silly audit   '@babel/plugin-transform-export-namespace-from': [ '7.24.7' ],
56 silly audit   '@babel/plugin-transform-flow-strip-types': [ '7.24.7' ],
56 silly audit   '@babel/plugin-transform-for-of': [ '7.24.7' ],
56 silly audit   '@babel/plugin-transform-function-name': [ '7.24.7' ],
56 silly audit   '@babel/plugin-transform-json-strings': [ '7.24.7' ],
56 silly audit   '@babel/plugin-transform-literals': [ '7.24.7' ],
56 silly audit   '@babel/plugin-transform-logical-assignment-operators': [ '7.24.7' ],
56 silly audit   '@babel/plugin-transform-member-expression-literals': [ '7.24.7' ],
56 silly audit   '@babel/plugin-transform-modules-amd': [ '7.24.7' ],
56 silly audit   '@babel/plugin-transform-modules-commonjs': [ '7.24.8' ],
56 silly audit   '@babel/plugin-transform-modules-systemjs': [ '7.24.7' ],
56 silly audit   '@babel/plugin-transform-modules-umd': [ '7.24.7' ],
56 silly audit   '@babel/plugin-transform-named-capturing-groups-regex': [ '7.24.7' ],
56 silly audit   '@babel/plugin-transform-new-target': [ '7.24.7' ],
56 silly audit   '@babel/plugin-transform-nullish-coalescing-operator': [ '7.24.7' ],
56 silly audit   '@babel/plugin-transform-numeric-separator': [ '7.24.7' ],
56 silly audit   '@babel/plugin-transform-object-rest-spread': [ '7.24.7' ],
56 silly audit   '@babel/plugin-transform-object-super': [ '7.24.7' ],
56 silly audit   '@babel/plugin-transform-optional-catch-binding': [ '7.24.7' ],
56 silly audit   '@babel/plugin-transform-optional-chaining': [ '7.24.8' ],
56 silly audit   '@babel/plugin-transform-parameters': [ '7.24.7' ],
56 silly audit   '@babel/plugin-transform-private-methods': [ '7.24.7' ],
56 silly audit   '@babel/plugin-transform-private-property-in-object': [ '7.24.7' ],
56 silly audit   '@babel/plugin-transform-property-literals': [ '7.24.7' ],
56 silly audit   '@babel/plugin-transform-react-constant-elements': [ '7.24.7' ],
56 silly audit   '@babel/plugin-transform-react-display-name': [ '7.24.7' ],
56 silly audit   '@babel/plugin-transform-react-jsx': [ '7.24.7' ],
56 silly audit   '@babel/plugin-transform-react-jsx-development': [ '7.24.7' ],
56 silly audit   '@babel/plugin-transform-react-pure-annotations': [ '7.24.7' ],
56 silly audit   '@babel/plugin-transform-regenerator': [ '7.24.7' ],
56 silly audit   '@babel/plugin-transform-reserved-words': [ '7.24.7' ],
56 silly audit   '@babel/plugin-transform-runtime': [ '7.24.7' ],
56 silly audit   '@babel/plugin-transform-shorthand-properties': [ '7.24.7' ],
56 silly audit   '@babel/plugin-transform-spread': [ '7.24.7' ],
56 silly audit   '@babel/plugin-transform-sticky-regex': [ '7.24.7' ],
56 silly audit   '@babel/plugin-transform-template-literals': [ '7.24.7' ],
56 silly audit   '@babel/plugin-transform-typeof-symbol': [ '7.24.8' ],
56 silly audit   '@babel/plugin-transform-typescript': [ '7.24.8' ],
56 silly audit   '@babel/plugin-transform-unicode-escapes': [ '7.24.7' ],
56 silly audit   '@babel/plugin-transform-unicode-property-regex': [ '7.24.7' ],
56 silly audit   '@babel/plugin-transform-unicode-regex': [ '7.24.7' ],
56 silly audit   '@babel/plugin-transform-unicode-sets-regex': [ '7.24.7' ],
56 silly audit   '@babel/preset-env': [ '7.24.8' ],
56 silly audit   '@babel/preset-modules': [ '0.1.6-no-external-plugins' ],
56 silly audit   '@babel/preset-react': [ '7.24.7' ],
56 silly audit   '@babel/preset-typescript': [ '7.24.7' ],
56 silly audit   '@babel/regjsgen': [ '0.8.0' ],
56 silly audit   '@babel/runtime': [ '7.24.8' ],
56 silly audit   '@babel/template': [ '7.24.7' ],
56 silly audit   '@babel/traverse': [ '7.24.8' ],
56 silly audit   '@babel/types': [ '7.24.9' ],
56 silly audit   '@bcoe/v8-coverage': [ '0.2.3' ],
56 silly audit   '@csstools/normalize.css': [ '12.1.1' ],
56 silly audit   '@csstools/postcss-cascade-layers': [ '1.1.1' ],
56 silly audit   '@csstools/postcss-color-function': [ '1.1.1' ],
56 silly audit   '@csstools/postcss-font-format-keywords': [ '1.0.1' ],
56 silly audit   '@csstools/postcss-hwb-function': [ '1.0.2' ],
56 silly audit   '@csstools/postcss-ic-unit': [ '1.0.1' ],
56 silly audit   '@csstools/postcss-is-pseudo-class': [ '2.0.7' ],
56 silly audit   '@csstools/postcss-nested-calc': [ '1.0.0' ],
56 silly audit   '@csstools/postcss-normalize-display-values': [ '1.0.1' ],
56 silly audit   '@csstools/postcss-oklab-function': [ '1.1.1' ],
56 silly audit   '@csstools/postcss-progressive-custom-properties': [ '1.3.0' ],
56 silly audit   '@csstools/postcss-stepped-value-functions': [ '1.0.1' ],
56 silly audit   '@csstools/postcss-text-decoration-shorthand': [ '1.0.0' ],
56 silly audit   '@csstools/postcss-trigonometric-functions': [ '1.0.2' ],
56 silly audit   '@csstools/postcss-unset-value': [ '1.0.2' ],
56 silly audit   '@csstools/selector-specificity': [ '2.2.0' ],
56 silly audit   '@eslint-community/eslint-utils': [ '4.4.0' ],
56 silly audit   '@eslint-community/regexpp': [ '4.11.0' ],
56 silly audit   '@eslint/eslintrc': [ '2.1.4' ],
56 silly audit   argparse: [ '2.0.1', '1.0.10' ],
56 silly audit   globals: [ '13.24.0', '11.12.0' ],
56 silly audit   'js-yaml': [ '4.1.0', '3.14.1' ],
56 silly audit   'type-fest': [ '0.20.2', '0.16.0', '0.21.3' ],
56 silly audit   '@eslint/js': [ '8.57.0' ],
56 silly audit   '@humanwhocodes/config-array': [ '0.11.14' ],
56 silly audit   '@humanwhocodes/module-importer': [ '1.0.1' ],
56 silly audit   '@humanwhocodes/object-schema': [ '2.0.3' ],
56 silly audit   '@isaacs/cliui': [ '8.0.2' ],
56 silly audit   'ansi-regex': [ '6.0.1', '5.0.1' ],
56 silly audit   'ansi-styles': [ '6.2.1', '4.3.0', '3.2.1', '5.2.0' ],
56 silly audit   'string-width': [ '5.1.2', '4.2.3' ],
56 silly audit   'strip-ansi': [ '7.1.0', '6.0.1' ],
56 silly audit   'wrap-ansi': [ '8.1.0', '7.0.0' ],
56 silly audit   '@istanbuljs/load-nyc-config': [ '1.1.0' ],
56 silly audit   camelcase: [ '5.3.1', '6.3.0' ],
56 silly audit   '@istanbuljs/schema': [ '0.1.3' ],
56 silly audit   '@jest/console': [ '27.5.1', '28.1.3' ],
56 silly audit   chalk: [ '4.1.2', '3.0.0', '2.4.2' ],
56 silly audit   'color-convert': [ '2.0.1', '1.9.3' ],
56 silly audit   'color-name': [ '1.1.4', '1.1.3' ],
56 silly audit   'has-flag': [ '4.0.0', '3.0.0' ],
56 silly audit   'supports-color': [ '7.2.0', '8.1.1', '5.5.0' ],
56 silly audit   '@jest/core': [ '27.5.1' ],
56 silly audit   '@jest/environment': [ '27.5.1' ],
56 silly audit   '@jest/fake-timers': [ '27.5.1' ],
56 silly audit   '@jest/globals': [ '27.5.1' ],
56 silly audit   '@jest/reporters': [ '27.5.1' ],
56 silly audit   'source-map': [ '0.6.1', '0.7.4', '0.8.0-beta.0' ],
56 silly audit   '@jest/schemas': [ '28.1.3' ],
56 silly audit   '@jest/source-map': [ '27.5.1' ],
56 silly audit   '@jest/test-result': [ '27.5.1', '28.1.3' ],
56 silly audit   '@jest/test-sequencer': [ '27.5.1' ],
56 silly audit   '@jest/transform': [ '27.5.1' ],
56 silly audit   'convert-source-map': [ '1.9.0', '2.0.0' ],
56 silly audit   '@jest/types': [ '27.5.1', '28.1.3' ],
56 silly audit   '@jridgewell/gen-mapping': [ '0.3.5' ],
56 silly audit   '@jridgewell/resolve-uri': [ '3.1.2' ],
56 silly audit   '@jridgewell/set-array': [ '1.2.1' ],
56 silly audit   '@jridgewell/source-map': [ '0.3.6' ],
56 silly audit   '@jridgewell/sourcemap-codec': [ '1.5.0' ],
56 silly audit   '@jridgewell/trace-mapping': [ '0.3.25' ],
56 silly audit   '@leichtgewicht/ip-codec': [ '2.0.5' ],
56 silly audit   '@nicolo-ribaudo/eslint-scope-5-internals': [ '5.1.1-v1' ],
56 silly audit   'eslint-scope': [ '5.1.1', '7.2.2' ],
56 silly audit   estraverse: [ '4.3.0', '5.3.0' ],
56 silly audit   '@nodelib/fs.scandir': [ '2.1.5' ],
56 silly audit   '@nodelib/fs.stat': [ '2.0.5' ],
56 silly audit   '@nodelib/fs.walk': [ '1.2.8' ],
56 silly audit   '@pkgjs/parseargs': [ '0.11.0' ],
56 silly audit   '@pmmmwh/react-refresh-webpack-plugin': [ '0.5.15' ],
56 silly audit   '@rollup/plugin-babel': [ '5.3.1' ],
56 silly audit   '@rollup/plugin-node-resolve': [ '11.2.1' ],
56 silly audit   '@rollup/plugin-replace': [ '2.4.2' ],
56 silly audit   '@rollup/pluginutils': [ '3.1.0' ],
56 silly audit   '@types/estree': [ '0.0.39', '1.0.5' ],
56 silly audit   '@rushstack/eslint-patch': [ '1.10.3' ],
56 silly audit   '@sinclair/typebox': [ '0.24.51' ],
56 silly audit   '@sinonjs/commons': [ '1.8.6' ],
56 silly audit   '@sinonjs/fake-timers': [ '8.1.0' ],
56 silly audit   '@surma/rollup-plugin-off-main-thread': [ '2.2.3' ],
56 silly audit   '@svgr/babel-plugin-add-jsx-attribute': [ '5.4.0' ],
56 silly audit   '@svgr/babel-plugin-remove-jsx-attribute': [ '5.4.0' ],
56 silly audit   '@svgr/babel-plugin-remove-jsx-empty-expression': [ '5.0.1' ],
56 silly audit   '@svgr/babel-plugin-replace-jsx-attribute-value': [ '5.0.1' ],
56 silly audit   '@svgr/babel-plugin-svg-dynamic-title': [ '5.4.0' ],
56 silly audit   '@svgr/babel-plugin-svg-em-dimensions': [ '5.4.0' ],
56 silly audit   '@svgr/babel-plugin-transform-react-native-svg': [ '5.4.0' ],
56 silly audit   '@svgr/babel-plugin-transform-svg-component': [ '5.5.0' ],
56 silly audit   '@svgr/babel-preset': [ '5.5.0' ],
56 silly audit   '@svgr/core': [ '5.5.0' ],
56 silly audit   '@svgr/hast-util-to-babel-ast': [ '5.5.0' ],
56 silly audit   '@svgr/plugin-jsx': [ '5.5.0' ],
56 silly audit   '@svgr/plugin-svgo': [ '5.5.0' ],
56 silly audit   '@svgr/webpack': [ '5.5.0' ],
56 silly audit   '@testing-library/dom': [ '10.3.2', '8.20.1' ],
56 silly audit   'aria-query': [ '5.3.0', '5.1.3' ],
56 silly audit   '@testing-library/jest-dom': [ '5.17.0' ],
56 silly audit   '@testing-library/react': [ '13.4.0' ],
56 silly audit   '@testing-library/user-event': [ '13.5.0' ],
56 silly audit   '@tootallnate/once': [ '1.1.2' ],
56 silly audit   '@trysound/sax': [ '0.2.0' ],
56 silly audit   '@types/aria-query': [ '5.0.4' ],
56 silly audit   '@types/babel__core': [ '7.20.5' ],
56 silly audit   '@types/babel__generator': [ '7.6.8' ],
56 silly audit   '@types/babel__template': [ '7.4.4' ],
56 silly audit   '@types/babel__traverse': [ '7.20.6' ],
56 silly audit   '@types/body-parser': [ '1.19.5' ],
56 silly audit   '@types/bonjour': [ '3.5.13' ],
56 silly audit   '@types/connect': [ '3.4.38' ],
56 silly audit   '@types/connect-history-api-fallback': [ '1.5.4' ],
56 silly audit   '@types/eslint': [ '8.56.10' ],
56 silly audit   '@types/eslint-scope': [ '3.7.7' ],
56 silly audit   '@types/express': [ '4.17.21' ],
56 silly audit   '@types/express-serve-static-core': [ '4.19.5' ],
56 silly audit   '@types/graceful-fs': [ '4.1.9' ],
56 silly audit   '@types/html-minifier-terser': [ '6.1.0' ],
56 silly audit   '@types/http-errors': [ '2.0.4' ],
56 silly audit   '@types/http-proxy': [ '1.17.14' ],
56 silly audit   '@types/istanbul-lib-coverage': [ '2.0.6' ],
56 silly audit   '@types/istanbul-lib-report': [ '3.0.3' ],
56 silly audit   '@types/istanbul-reports': [ '3.0.4' ],
56 silly audit   '@types/jest': [ '27.5.2' ],
56 silly audit   '@types/json-schema': [ '7.0.15' ],
56 silly audit   '@types/json5': [ '0.0.29' ],
56 silly audit   '@types/mime': [ '1.3.5' ],
56 silly audit   '@types/node': [ '16.18.101' ],
56 silly audit   '@types/node-forge': [ '1.3.11' ],
56 silly audit   '@types/parse-json': [ '4.0.2' ],
56 silly audit   '@types/prettier': [ '2.7.3' ],
56 silly audit   '@types/prop-types': [ '15.7.12' ],
56 silly audit   '@types/q': [ '1.5.8' ],
56 silly audit   '@types/qs': [ '6.9.15' ],
56 silly audit   '@types/range-parser': [ '1.2.7' ],
56 silly audit   '@types/react': [ '18.3.3' ],
56 silly audit   '@types/react-dom': [ '18.3.0' ],
56 silly audit   '@types/resolve': [ '1.17.1' ],
56 silly audit   '@types/retry': [ '0.12.0' ],
56 silly audit   '@types/semver': [ '7.5.8' ],
56 silly audit   '@types/send': [ '0.17.4' ],
56 silly audit   '@types/serve-index': [ '1.9.4' ],
56 silly audit   '@types/serve-static': [ '1.15.7' ],
56 silly audit   '@types/sockjs': [ '0.3.36' ],
56 silly audit   '@types/stack-utils': [ '2.0.3' ],
56 silly audit   '@types/testing-library__jest-dom': [ '5.14.9' ],
56 silly audit   '@types/trusted-types': [ '2.0.7' ],
56 silly audit   '@types/ws': [ '8.5.11' ],
56 silly audit   '@types/yargs': [ '16.0.9', '17.0.32' ],
56 silly audit   '@types/yargs-parser': [ '21.0.3' ],
56 silly audit   '@typescript-eslint/eslint-plugin': [ '5.62.0' ],
56 silly audit   '@typescript-eslint/experimental-utils': [ '5.62.0' ],
56 silly audit   '@typescript-eslint/parser': [ '5.62.0' ],
56 silly audit   '@typescript-eslint/scope-manager': [ '5.62.0' ],
56 silly audit   '@typescript-eslint/type-utils': [ '5.62.0' ],
56 silly audit   '@typescript-eslint/types': [ '5.62.0' ],
56 silly audit   '@typescript-eslint/typescript-estree': [ '5.62.0' ],
56 silly audit   '@typescript-eslint/utils': [ '5.62.0' ],
56 silly audit   '@typescript-eslint/visitor-keys': [ '5.62.0' ],
56 silly audit   '@ungap/structured-clone': [ '1.2.0' ],
56 silly audit   '@webassemblyjs/ast': [ '1.12.1' ],
56 silly audit   '@webassemblyjs/floating-point-hex-parser': [ '1.11.6' ],
56 silly audit   '@webassemblyjs/helper-api-error': [ '1.11.6' ],
56 silly audit   '@webassemblyjs/helper-buffer': [ '1.12.1' ],
56 silly audit   '@webassemblyjs/helper-numbers': [ '1.11.6' ],
56 silly audit   '@webassemblyjs/helper-wasm-bytecode': [ '1.11.6' ],
56 silly audit   '@webassemblyjs/helper-wasm-section': [ '1.12.1' ],
56 silly audit   '@webassemblyjs/ieee754': [ '1.11.6' ],
56 silly audit   '@webassemblyjs/leb128': [ '1.11.6' ],
56 silly audit   '@webassemblyjs/utf8': [ '1.11.6' ],
56 silly audit   '@webassemblyjs/wasm-edit': [ '1.12.1' ],
56 silly audit   '@webassemblyjs/wasm-gen': [ '1.12.1' ],
56 silly audit   '@webassemblyjs/wasm-opt': [ '1.12.1' ],
56 silly audit   '@webassemblyjs/wasm-parser': [ '1.12.1' ],
56 silly audit   '@webassemblyjs/wast-printer': [ '1.12.1' ],
56 silly audit   '@xtuc/ieee754': [ '1.2.0' ],
56 silly audit   '@xtuc/long': [ '4.2.2' ],
56 silly audit   abab: [ '2.0.6' ],
56 silly audit   accepts: [ '1.3.8' ],
56 silly audit   acorn: [ '8.12.1', '7.4.1' ],
56 silly audit   'acorn-globals': [ '6.0.0' ],
56 silly audit   'acorn-import-attributes': [ '1.9.5' ],
56 silly audit   'acorn-jsx': [ '5.3.2' ],
56 silly audit   'acorn-walk': [ '7.2.0' ],
56 silly audit   address: [ '1.2.2' ],
56 silly audit   'adjust-sourcemap-loader': [ '4.0.0' ],
56 silly audit   'agent-base': [ '6.0.2' ],
56 silly audit   ajv: [ '6.12.6', '8.17.1' ],
56 silly audit   'ajv-formats': [ '2.1.1' ],
56 silly audit   'json-schema-traverse': [ '1.0.0', '0.4.1' ],
56 silly audit   'ajv-keywords': [ '3.5.2', '5.1.0' ],
56 silly audit   'ansi-escapes': [ '4.3.2' ],
56 silly audit   'ansi-html': [ '0.0.9' ],
56 silly audit   'ansi-html-community': [ '0.0.8' ],
56 silly audit   'any-promise': [ '1.3.0' ],
56 silly audit   anymatch: [ '3.1.3' ],
56 silly audit   arg: [ '5.0.2' ],
56 silly audit   'array-buffer-byte-length': [ '1.0.1' ],
56 silly audit   'array-flatten': [ '1.1.1' ],
56 silly audit   'array-includes': [ '3.1.8' ],
56 silly audit   'array-union': [ '2.1.0' ],
56 silly audit   'array.prototype.findlast': [ '1.2.5' ],
56 silly audit   'array.prototype.findlastindex': [ '1.2.5' ],
56 silly audit   'array.prototype.flat': [ '1.3.2' ],
56 silly audit   'array.prototype.flatmap': [ '1.3.2' ],
56 silly audit   'array.prototype.reduce': [ '1.0.7' ],
56 silly audit   'array.prototype.toreversed': [ '1.1.2' ],
56 silly audit   'array.prototype.tosorted': [ '1.1.4' ],
56 silly audit   'arraybuffer.prototype.slice': [ '1.0.3' ],
56 silly audit   asap: [ '2.0.6' ],
56 silly audit   'ast-types-flow': [ '0.0.8' ],
56 silly audit   async: [ '3.2.5' ],
56 silly audit   asynckit: [ '0.4.0' ],
56 silly audit   'at-least-node': [ '1.0.0' ],
56 silly audit   autoprefixer: [ '10.4.19' ],
56 silly audit   'available-typed-arrays': [ '1.0.7' ],
56 silly audit   'axe-core': [ '4.9.1' ],
56 silly audit   'axobject-query': [ '3.1.1' ],
56 silly audit   'babel-jest': [ '27.5.1' ],
56 silly audit   'babel-loader': [ '8.3.0' ],
56 silly audit   'schema-utils': [ '2.7.1', '3.3.0', '2.7.0', '4.2.0' ],
56 silly audit   'babel-plugin-istanbul': [ '6.1.1' ],
56 silly audit   'babel-plugin-jest-hoist': [ '27.5.1' ],
56 silly audit   'babel-plugin-macros': [ '3.1.0' ],
56 silly audit   'babel-plugin-named-asset-import': [ '0.3.8' ],
56 silly audit   'babel-plugin-polyfill-corejs2': [ '0.4.11' ],
56 silly audit   'babel-plugin-polyfill-corejs3': [ '0.10.4' ],
56 silly audit   'babel-plugin-polyfill-regenerator': [ '0.6.2' ],
56 silly audit   'babel-plugin-transform-react-remove-prop-types': [ '0.4.24' ],
56 silly audit   'babel-preset-current-node-syntax': [ '1.0.1' ],
56 silly audit   'babel-preset-jest': [ '27.5.1' ],
56 silly audit   'babel-preset-react-app': [ '10.0.1' ],
56 silly audit   'balanced-match': [ '1.0.2' ],
56 silly audit   batch: [ '0.6.1' ],
56 silly audit   bfj: [ '7.1.0' ],
56 silly audit   'big.js': [ '5.2.2' ],
56 silly audit   'binary-extensions': [ '2.3.0' ],
56 silly audit   bluebird: [ '3.7.2' ],
56 silly audit   'body-parser': [ '1.20.2' ],
56 silly audit   bytes: [ '3.1.2', '3.0.0' ],
56 silly audit   debug: [ '2.6.9', '4.3.5', '3.2.7' ],
56 silly audit   'iconv-lite': [ '0.4.24', '0.6.3' ],
56 silly audit   ms: [ '2.0.0', '2.1.2', '2.1.3' ],
56 silly audit   'bonjour-service': [ '1.2.1' ],
56 silly audit   boolbase: [ '1.0.0' ],
56 silly audit   'brace-expansion': [ '1.1.11', '2.0.1' ],
56 silly audit   braces: [ '3.0.3' ],
56 silly audit   'browser-process-hrtime': [ '1.0.0' ],
56 silly audit   browserslist: [ '4.23.2' ],
56 silly audit   bser: [ '2.1.1' ],
56 silly audit   'buffer-from': [ '1.1.2' ],
56 silly audit   'builtin-modules': [ '3.3.0' ],
56 silly audit   'call-bind': [ '1.0.7' ],
56 silly audit   callsites: [ '3.1.0' ],
56 silly audit   'camel-case': [ '4.1.2' ],
56 silly audit   'camelcase-css': [ '2.0.1' ],
56 silly audit   'caniuse-api': [ '3.0.0' ],
56 silly audit   'caniuse-lite': [ '1.0.30001642' ],
56 silly audit   'case-sensitive-paths-webpack-plugin': [ '2.4.0' ],
56 silly audit   'char-regex': [ '1.0.2', '2.0.1' ],
56 silly audit   'check-types': [ '11.2.3' ],
56 silly audit   chokidar: [ '3.6.0' ],
56 silly audit   'glob-parent': [ '5.1.2', '6.0.2' ],
56 silly audit   'chrome-trace-event': [ '1.0.4' ],
56 silly audit   'ci-info': [ '3.9.0' ],
56 silly audit   'cjs-module-lexer': [ '1.3.1' ],
56 silly audit   'clean-css': [ '5.3.3' ],
56 silly audit   cliui: [ '7.0.4' ],
56 silly audit   co: [ '4.6.0' ],
56 silly audit   coa: [ '2.0.2' ],
56 silly audit   'collect-v8-coverage': [ '1.0.2' ],
56 silly audit   colord: [ '2.9.3' ],
56 silly audit   colorette: [ '2.0.20' ],
56 silly audit   'combined-stream': [ '1.0.8' ],
56 silly audit   commander: [ '8.3.0', '7.2.0', '4.1.1', '2.20.3' ],
56 silly audit   'common-tags': [ '1.8.2' ],
56 silly audit   commondir: [ '1.0.1' ],
56 silly audit   compressible: [ '2.0.18' ],
56 silly audit   compression: [ '1.7.4' ],
56 silly audit   'safe-buffer': [ '5.1.2', '5.2.1' ],
56 silly audit   'concat-map': [ '0.0.1' ],
56 silly audit   'confusing-browser-globals': [ '1.0.11' ],
56 silly audit   'connect-history-api-fallback': [ '2.0.0' ],
56 silly audit   'content-disposition': [ '0.5.4' ],
56 silly audit   'content-type': [ '1.0.5' ],
56 silly audit   cookie: [ '0.6.0' ],
56 silly audit   'cookie-signature': [ '1.0.6' ],
56 silly audit   'core-js': [ '3.37.1' ],
56 silly audit   'core-js-compat': [ '3.37.1' ],
56 silly audit   'core-js-pure': [ '3.37.1' ],
56 silly audit   'core-util-is': [ '1.0.3' ],
56 silly audit   cosmiconfig: [ '7.1.0', '6.0.0' ],
56 silly audit   'cross-spawn': [ '7.0.3' ],
56 silly audit   'crypto-random-string': [ '2.0.0' ],
56 silly audit   'css-blank-pseudo': [ '3.0.3' ],
56 silly audit   'css-declaration-sorter': [ '6.4.1' ],
56 silly audit   'css-has-pseudo': [ '3.0.4' ],
56 silly audit   'css-loader': [ '6.11.0' ],
56 silly audit   'css-minimizer-webpack-plugin': [ '3.4.1' ],
56 silly audit   'css-prefers-color-scheme': [ '6.0.3' ],
56 silly audit   'css-select': [ '4.3.0', '2.1.0' ],
56 silly audit   'css-select-base-adapter': [ '0.1.1' ],
56 silly audit   'css-tree': [ '1.0.0-alpha.37', '1.1.3' ],
56 silly audit   'css-what': [ '6.1.0', '3.4.2' ],
56 silly audit   'css.escape': [ '1.5.1' ],
56 silly audit   cssdb: [ '7.11.2' ],
56 silly audit   cssesc: [ '3.0.0' ],
56 silly audit   cssnano: [ '5.1.15' ],
56 silly audit   'cssnano-preset-default': [ '5.2.14' ],
56 silly audit   'cssnano-utils': [ '3.1.0' ],
56 silly audit   csso: [ '4.2.0' ],
56 silly audit   'mdn-data': [ '2.0.14', '2.0.4' ],
56 silly audit   cssom: [ '0.4.4', '0.3.8' ],
56 silly audit   cssstyle: [ '2.3.0' ],
56 silly audit   csstype: [ '3.1.3' ],
56 silly audit   'damerau-levenshtein': [ '1.0.8' ],
56 silly audit   'data-urls': [ '2.0.0' ],
56 silly audit   'data-view-buffer': [ '1.0.1' ],
56 silly audit   'data-view-byte-length': [ '1.0.1' ],
56 silly audit   'data-view-byte-offset': [ '1.0.0' ],
56 silly audit   'decimal.js': [ '10.4.3' ],
56 silly audit   dedent: [ '0.7.0' ],
56 silly audit   'deep-equal': [ '2.2.3' ],
56 silly audit   'deep-is': [ '0.1.4' ],
56 silly audit   deepmerge: [ '4.3.1' ],
56 silly audit   'default-gateway': [ '6.0.3' ],
56 silly audit   'define-data-property': [ '1.1.4' ],
56 silly audit   'define-lazy-prop': [ '2.0.0' ],
56 silly audit   'define-properties': [ '1.2.1' ],
56 silly audit   'delayed-stream': [ '1.0.0' ],
56 silly audit   depd: [ '2.0.0', '1.1.2' ],
56 silly audit   dequal: [ '2.0.3' ],
56 silly audit   destroy: [ '1.2.0' ],
56 silly audit   'detect-newline': [ '3.1.0' ],
56 silly audit   'detect-node': [ '2.1.0' ],
56 silly audit   'detect-port-alt': [ '1.1.6' ],
56 silly audit   didyoumean: [ '1.2.2' ],
56 silly audit   'diff-sequences': [ '27.5.1' ],
56 silly audit   'dir-glob': [ '3.0.1' ],
56 silly audit   dlv: [ '1.1.3' ],
56 silly audit   'dns-packet': [ '5.6.1' ],
56 silly audit   doctrine: [ '3.0.0', '2.1.0' ],
56 silly audit   'dom-accessibility-api': [ '0.5.16' ],
56 silly audit   'dom-converter': [ '0.2.0' ],
56 silly audit   'dom-serializer': [ '1.4.1', '0.2.2' ],
56 silly audit   domelementtype: [ '2.3.0', '1.3.1' ],
56 silly audit   domexception: [ '2.0.1' ],
56 silly audit   'webidl-conversions': [ '5.0.0', '6.1.0', '4.0.2' ],
56 silly audit   domhandler: [ '4.3.1' ],
56 silly audit   domutils: [ '2.8.0', '1.7.0' ],
56 silly audit   'dot-case': [ '3.0.4' ],
56 silly audit   dotenv: [ '10.0.0' ],
56 silly audit   'dotenv-expand': [ '5.1.0' ],
56 silly audit   duplexer: [ '0.1.2' ],
56 silly audit   eastasianwidth: [ '0.2.0' ],
56 silly audit   'ee-first': [ '1.1.1' ],
56 silly audit   ejs: [ '3.1.10' ],
56 silly audit   'electron-to-chromium': [ '1.4.828' ],
56 silly audit   emittery: [ '0.8.1', '0.10.2' ],
56 silly audit   'emoji-regex': [ '9.2.2', '8.0.0' ],
56 silly audit   'emojis-list': [ '3.0.0' ],
56 silly audit   encodeurl: [ '1.0.2' ],
56 silly audit   'enhanced-resolve': [ '5.17.0' ],
56 silly audit   entities: [ '2.2.0' ],
56 silly audit   'error-ex': [ '1.3.2' ],
56 silly audit   'error-stack-parser': [ '2.1.4' ],
56 silly audit   'es-abstract': [ '1.23.3' ],
56 silly audit   'es-array-method-boxes-properly': [ '1.0.0' ],
56 silly audit   'es-define-property': [ '1.0.0' ],
56 silly audit   'es-errors': [ '1.3.0' ],
56 silly audit   'es-get-iterator': [ '1.1.3' ],
56 silly audit   'es-iterator-helpers': [ '1.0.19' ],
56 silly audit   'es-module-lexer': [ '1.5.4' ],
56 silly audit   'es-object-atoms': [ '1.0.0' ],
56 silly audit   'es-set-tostringtag': [ '2.0.3' ],
56 silly audit   'es-shim-unscopables': [ '1.0.2' ],
56 silly audit   'es-to-primitive': [ '1.2.1' ],
56 silly audit   escalade: [ '3.1.2' ],
56 silly audit   'escape-html': [ '1.0.3' ],
56 silly audit   'escape-string-regexp': [ '1.0.5', '4.0.0', '2.0.0' ],
56 silly audit   escodegen: [ '2.1.0', '1.14.3' ],
56 silly audit   eslint: [ '8.57.0' ],
56 silly audit   'eslint-config-react-app': [ '7.0.1' ],
56 silly audit   'eslint-import-resolver-node': [ '0.3.9' ],
56 silly audit   'eslint-module-utils': [ '2.8.1' ],
56 silly audit   'eslint-plugin-flowtype': [ '8.0.3' ],
56 silly audit   'eslint-plugin-import': [ '2.29.1' ],
56 silly audit   'eslint-plugin-jest': [ '25.7.0' ],
56 silly audit   'eslint-plugin-jsx-a11y': [ '6.9.0' ],
56 silly audit   'eslint-plugin-react': [ '7.34.4' ],
56 silly audit   'eslint-plugin-react-hooks': [ '4.6.2' ],
56 silly audit   resolve: [ '2.0.0-next.5', '1.22.8' ],
56 silly audit   'eslint-plugin-testing-library': [ '5.11.1' ],
56 silly audit   'eslint-webpack-plugin': [ '3.2.0' ],
56 silly audit   'jest-worker': [ '28.1.3', '27.5.1', '26.6.2' ],
56 silly audit   'find-up': [ '5.0.0', '4.1.0', '3.0.0' ],
56 silly audit   'locate-path': [ '6.0.0', '5.0.0', '3.0.0' ],
56 silly audit   'p-limit': [ '3.1.0', '2.3.0' ],
56 silly audit   'p-locate': [ '5.0.0', '4.1.0', '3.0.0' ],
56 silly audit   espree: [ '9.6.1' ],
56 silly audit   esprima: [ '4.0.1', '1.2.2' ],
56 silly audit   esquery: [ '1.6.0' ],
56 silly audit   esrecurse: [ '4.3.0' ],
56 silly audit   'estree-walker': [ '1.0.1' ],
56 silly audit   esutils: [ '2.0.3' ],
56 silly audit   etag: [ '1.8.1' ],
56 silly audit   eventemitter3: [ '4.0.7' ],
56 silly audit   events: [ '3.3.0' ],
56 silly audit   execa: [ '5.1.1' ],
56 silly audit   exit: [ '0.1.2' ],
56 silly audit   expect: [ '27.5.1' ],
56 silly audit   express: [ '4.19.2' ],
56 silly audit   'fast-deep-equal': [ '3.1.3' ],
56 silly audit   'fast-glob': [ '3.3.2' ],
56 silly audit   'fast-json-stable-stringify': [ '2.1.0' ],
56 silly audit   'fast-levenshtein': [ '2.0.6' ],
56 silly audit   'fast-uri': [ '3.0.1' ],
56 silly audit   fastq: [ '1.17.1' ],
56 silly audit   'faye-websocket': [ '0.11.4' ],
56 silly audit   'fb-watchman': [ '2.0.2' ],
56 silly audit   'file-entry-cache': [ '6.0.1' ],
56 silly audit   'file-loader': [ '6.2.0' ],
56 silly audit   filelist: [ '1.0.4' ],
56 silly audit   minimatch: [ '5.1.6', '3.1.2', '9.0.5' ],
56 silly audit   filesize: [ '8.0.7' ],
56 silly audit   'fill-range': [ '7.1.1' ],
56 silly audit   finalhandler: [ '1.2.0' ],
56 silly audit   'find-cache-dir': [ '3.3.2' ],
56 silly audit   'flat-cache': [ '3.2.0' ],
56 silly audit   flatted: [ '3.3.1' ],
56 silly audit   'follow-redirects': [ '1.15.6' ],
56 silly audit   'for-each': [ '0.3.3' ],
56 silly audit   'foreground-child': [ '3.2.1' ],
56 silly audit   'signal-exit': [ '4.1.0', '3.0.7' ],
56 silly audit   'fork-ts-checker-webpack-plugin': [ '6.5.3' ],
56 silly audit   'fs-extra': [ '9.1.0', '10.1.0' ],
56 silly audit   tapable: [ '1.1.3', '2.2.1' ],
56 silly audit   'form-data': [ '3.0.1' ],
56 silly audit   forwarded: [ '0.2.0' ],
56 silly audit   'fraction.js': [ '4.3.7' ],
56 silly audit   fresh: [ '0.5.2' ],
56 silly audit   'fs-monkey': [ '1.0.6' ],
56 silly audit   'fs.realpath': [ '1.0.0' ],
56 silly audit   fsevents: [ '2.3.3' ],
56 silly audit   'function-bind': [ '1.1.2' ],
56 silly audit   'function.prototype.name': [ '1.1.6' ],
56 silly audit   'functions-have-names': [ '1.2.3' ],
56 silly audit   gensync: [ '1.0.0-beta.2' ],
56 silly audit   'get-caller-file': [ '2.0.5' ],
56 silly audit   'get-intrinsic': [ '1.2.4' ],
56 silly audit   'get-own-enumerable-property-symbols': [ '3.0.2' ],
56 silly audit   'get-package-type': [ '0.1.0' ],
56 silly audit   'get-stream': [ '6.0.1' ],
56 silly audit   'get-symbol-description': [ '1.0.2' ],
56 silly audit   glob: [ '7.2.3', '10.4.5' ],
56 silly audit   'glob-to-regexp': [ '0.4.1' ],
56 silly audit   'global-modules': [ '2.0.0' ],
56 silly audit   'global-prefix': [ '3.0.0' ],
56 silly audit   which: [ '1.3.1', '2.0.2' ],
56 silly audit   globalthis: [ '1.0.4' ],
56 silly audit   globby: [ '11.1.0' ],
56 silly audit   gopd: [ '1.0.1' ],
56 silly audit   'graceful-fs': [ '4.2.11' ],
56 silly audit   graphemer: [ '1.4.0' ],
56 silly audit   'gzip-size': [ '6.0.0' ],
56 silly audit   'handle-thing': [ '2.0.1' ],
56 silly audit   'harmony-reflect': [ '1.6.2' ],
56 silly audit   'has-bigints': [ '1.0.2' ],
56 silly audit   'has-property-descriptors': [ '1.0.2' ],
56 silly audit   'has-proto': [ '1.0.3' ],
56 silly audit   'has-symbols': [ '1.0.3' ],
56 silly audit   'has-tostringtag': [ '1.0.2' ],
56 silly audit   hasown: [ '2.0.2' ],
56 silly audit   he: [ '1.2.0' ],
56 silly audit   hoopy: [ '0.1.4' ],
56 silly audit   'hpack.js': [ '2.1.6' ],
56 silly audit   isarray: [ '1.0.0', '2.0.5' ],
56 silly audit   'readable-stream': [ '2.3.8', '3.6.2' ],
56 silly audit   string_decoder: [ '1.1.1', '1.3.0' ],
56 silly audit   'html-encoding-sniffer': [ '2.0.1' ],
56 silly audit   'html-entities': [ '2.5.2' ],
56 silly audit   'html-escaper': [ '2.0.2' ],
56 silly audit   'html-minifier-terser': [ '6.1.0' ],
56 silly audit   'html-webpack-plugin': [ '5.6.0' ],
56 silly audit   htmlparser2: [ '6.1.0' ],
56 silly audit   'http-deceiver': [ '1.2.7' ],
56 silly audit   'http-errors': [ '2.0.0', '1.6.3' ],
56 silly audit   'http-parser-js': [ '0.5.8' ],
56 silly audit   'http-proxy': [ '1.18.1' ],
56 silly audit   'http-proxy-agent': [ '4.0.1' ],
56 silly audit   'http-proxy-middleware': [ '2.0.6' ],
56 silly audit   'https-proxy-agent': [ '5.0.1' ],
56 silly audit   'human-signals': [ '2.1.0' ],
56 silly audit   'icss-utils': [ '5.1.0' ],
56 silly audit   idb: [ '7.1.1' ],
56 silly audit   'identity-obj-proxy': [ '3.0.0' ],
56 silly audit   ignore: [ '5.3.1' ],
56 silly audit   immer: [ '9.0.21' ],
56 silly audit   'import-fresh': [ '3.3.0' ],
56 silly audit   'resolve-from': [ '4.0.0', '5.0.0' ],
56 silly audit   'import-local': [ '3.1.0' ],
56 silly audit   imurmurhash: [ '0.1.4' ],
56 silly audit   'indent-string': [ '4.0.0' ],
56 silly audit   inflight: [ '1.0.6' ],
56 silly audit   inherits: [ '2.0.4', '2.0.3' ],
56 silly audit   ini: [ '1.3.8' ],
56 silly audit   'internal-slot': [ '1.0.7' ],
56 silly audit   'ipaddr.js': [ '2.2.0', '1.9.1' ],
56 silly audit   'is-arguments': [ '1.1.1' ],
56 silly audit   'is-array-buffer': [ '3.0.4' ],
56 silly audit   'is-arrayish': [ '0.2.1' ],
56 silly audit   'is-async-function': [ '2.0.0' ],
56 silly audit   'is-bigint': [ '1.0.4' ],
56 silly audit   'is-binary-path': [ '2.1.0' ],
56 silly audit   'is-boolean-object': [ '1.1.2' ],
56 silly audit   'is-callable': [ '1.2.7' ],
56 silly audit   'is-core-module': [ '2.14.0' ],
56 silly audit   'is-data-view': [ '1.0.1' ],
56 silly audit   'is-date-object': [ '1.0.5' ],
56 silly audit   'is-docker': [ '2.2.1' ],
56 silly audit   'is-extglob': [ '2.1.1' ],
56 silly audit   'is-finalizationregistry': [ '1.0.2' ],
56 silly audit   'is-fullwidth-code-point': [ '3.0.0' ],
56 silly audit   'is-generator-fn': [ '2.1.0' ],
56 silly audit   'is-generator-function': [ '1.0.10' ],
56 silly audit   'is-glob': [ '4.0.3' ],
56 silly audit   'is-map': [ '2.0.3' ],
56 silly audit   'is-module': [ '1.0.0' ],
56 silly audit   'is-negative-zero': [ '2.0.3' ],
56 silly audit   'is-number': [ '7.0.0' ],
56 silly audit   'is-number-object': [ '1.0.7' ],
56 silly audit   'is-obj': [ '1.0.1' ],
56 silly audit   'is-path-inside': [ '3.0.3' ],
56 silly audit   'is-plain-obj': [ '3.0.0' ],
56 silly audit   'is-potential-custom-element-name': [ '1.0.1' ],
56 silly audit   'is-regex': [ '1.1.4' ],
56 silly audit   'is-regexp': [ '1.0.0' ],
56 silly audit   'is-root': [ '2.1.0' ],
56 silly audit   'is-set': [ '2.0.3' ],
56 silly audit   'is-shared-array-buffer': [ '1.0.3' ],
56 silly audit   'is-stream': [ '2.0.1' ],
56 silly audit   'is-string': [ '1.0.7' ],
56 silly audit   'is-symbol': [ '1.0.4' ],
56 silly audit   'is-typed-array': [ '1.1.13' ],
56 silly audit   'is-typedarray': [ '1.0.0' ],
56 silly audit   'is-weakmap': [ '2.0.2' ],
56 silly audit   'is-weakref': [ '1.0.2' ],
56 silly audit   'is-weakset': [ '2.0.3' ],
56 silly audit   'is-wsl': [ '2.2.0' ],
56 silly audit   isexe: [ '2.0.0' ],
56 silly audit   'istanbul-lib-coverage': [ '3.2.2' ],
56 silly audit   'istanbul-lib-instrument': [ '5.2.1' ],
56 silly audit   'istanbul-lib-report': [ '3.0.1' ],
56 silly audit   'make-dir': [ '4.0.0', '3.1.0' ],
56 silly audit   'istanbul-lib-source-maps': [ '4.0.1' ],
56 silly audit   'istanbul-reports': [ '3.1.7' ],
56 silly audit   'iterator.prototype': [ '1.1.2' ],
56 silly audit   jackspeak: [ '3.4.3' ],
56 silly audit   jake: [ '10.9.1' ],
56 silly audit   jest: [ '27.5.1' ],
56 silly audit   'jest-changed-files': [ '27.5.1' ],
56 silly audit   'jest-circus': [ '27.5.1' ],
56 silly audit   'jest-cli': [ '27.5.1' ],
56 silly audit   'jest-config': [ '27.5.1' ],
56 silly audit   'jest-diff': [ '27.5.1' ],
56 silly audit   'jest-docblock': [ '27.5.1' ],
56 silly audit   'jest-each': [ '27.5.1' ],
56 silly audit   'jest-environment-jsdom': [ '27.5.1' ],
56 silly audit   'jest-environment-node': [ '27.5.1' ],
56 silly audit   'jest-get-type': [ '27.5.1' ],
56 silly audit   'jest-haste-map': [ '27.5.1' ],
56 silly audit   'jest-jasmine2': [ '27.5.1' ],
56 silly audit   'jest-leak-detector': [ '27.5.1' ],
56 silly audit   'jest-matcher-utils': [ '27.5.1' ],
56 silly audit   'jest-message-util': [ '27.5.1', '28.1.3' ],
56 silly audit   'jest-mock': [ '27.5.1' ],
56 silly audit   'jest-pnp-resolver': [ '1.2.3' ],
56 silly audit   'jest-regex-util': [ '27.5.1', '28.0.2' ],
56 silly audit   'jest-resolve': [ '27.5.1' ],
56 silly audit   'jest-resolve-dependencies': [ '27.5.1' ],
56 silly audit   'jest-runner': [ '27.5.1' ],
56 silly audit   'jest-runtime': [ '27.5.1' ],
56 silly audit   'jest-serializer': [ '27.5.1' ],
56 silly audit   'jest-snapshot': [ '27.5.1' ],
56 silly audit   'jest-util': [ '27.5.1', '28.1.3' ],
56 silly audit   'jest-validate': [ '27.5.1' ],
56 silly audit   'jest-watch-typeahead': [ '1.1.0' ],
56 silly audit   slash: [ '3.0.0', '4.0.0' ],
56 silly audit   'jest-watcher': [ '28.1.3', '27.5.1' ],
56 silly audit   'string-length': [ '4.0.2', '5.0.1' ],
56 silly audit   'pretty-format': [ '28.1.3', '27.5.1' ],
56 silly audit   'react-is': [ '18.3.1', '16.13.1', '17.0.2' ],
56 silly audit   jiti: [ '1.21.6' ],
56 silly audit   'js-tokens': [ '4.0.0' ],
56 silly audit   jsdom: [ '16.7.0' ],
56 silly audit   jsesc: [ '2.5.2', '0.5.0' ],
56 silly audit   'json-buffer': [ '3.0.1' ],
56 silly audit   'json-parse-even-better-errors': [ '2.3.1' ],
56 silly audit   'json-schema': [ '0.4.0' ],
56 silly audit   'json-stable-stringify-without-jsonify': [ '1.0.1' ],
56 silly audit   json5: [ '2.2.3', '1.0.2' ],
56 silly audit   jsonfile: [ '6.1.0' ],
56 silly audit   jsonpath: [ '1.1.1' ],
56 silly audit   jsonpointer: [ '5.0.1' ],
56 silly audit   'jsx-ast-utils': [ '3.3.5' ],
56 silly audit   keyv: [ '4.5.4' ],
56 silly audit   'kind-of': [ '6.0.3' ],
56 silly audit   kleur: [ '3.0.3' ],
56 silly audit   klona: [ '2.0.6' ],
56 silly audit   'language-subtag-registry': [ '0.3.23' ],
56 silly audit   'language-tags': [ '1.0.9' ],
56 silly audit   'launch-editor': [ '2.8.0' ],
56 silly audit   leven: [ '3.1.0' ],
56 silly audit   levn: [ '0.4.1', '0.3.0' ],
56 silly audit   lilconfig: [ '2.1.0', '3.1.2' ],
56 silly audit   'lines-and-columns': [ '1.2.4' ],
56 silly audit   'loader-runner': [ '4.3.0' ],
56 silly audit   'loader-utils': [ '2.0.4', '3.3.1' ],
56 silly audit   lodash: [ '4.17.21' ],
56 silly audit   'lodash.debounce': [ '4.0.8' ],
56 silly audit   'lodash.memoize': [ '4.1.2' ],
56 silly audit   'lodash.merge': [ '4.6.2' ],
56 silly audit   'lodash.sortby': [ '4.7.0' ],
56 silly audit   'lodash.uniq': [ '4.5.0' ],
56 silly audit   'loose-envify': [ '1.4.0' ],
56 silly audit   'lower-case': [ '2.0.2' ],
56 silly audit   'lru-cache': [ '5.1.1', '10.4.3' ],
56 silly audit   'lz-string': [ '1.5.0' ],
56 silly audit   'magic-string': [ '0.25.9' ],
56 silly audit   makeerror: [ '1.0.12' ],
56 silly audit   'media-typer': [ '0.3.0' ],
56 silly audit   memfs: [ '3.5.3' ],
56 silly audit   'merge-descriptors': [ '1.0.1' ],
56 silly audit   'merge-stream': [ '2.0.0' ],
56 silly audit   merge2: [ '1.4.1' ],
56 silly audit   methods: [ '1.1.2' ],
56 silly audit   micromatch: [ '4.0.7' ],
56 silly audit   mime: [ '1.6.0' ],
56 silly audit   'mime-db': [ '1.52.0' ],
56 silly audit   'mime-types': [ '2.1.35' ],
56 silly audit   'mimic-fn': [ '2.1.0' ],
56 silly audit   'min-indent': [ '1.0.1' ],
56 silly audit   'mini-css-extract-plugin': [ '2.9.0' ],
56 silly audit   'minimalistic-assert': [ '1.0.1' ],
56 silly audit   minimist: [ '1.2.8' ],
56 silly audit   minipass: [ '7.1.2' ],
56 silly audit   mkdirp: [ '0.5.6' ],
56 silly audit   'multicast-dns': [ '7.2.5' ],
56 silly audit   mz: [ '2.7.0' ],
56 silly audit   nanoid: [ '3.3.7' ],
56 silly audit   'natural-compare': [ '1.4.0' ],
56 silly audit   'natural-compare-lite': [ '1.4.0' ],
56 silly audit   negotiator: [ '0.6.3' ],
56 silly audit   'neo-async': [ '2.6.2' ],
56 silly audit   'no-case': [ '3.0.4' ],
56 silly audit   'node-forge': [ '1.3.1' ],
56 silly audit   'node-int64': [ '0.4.0' ],
56 silly audit   'node-releases': [ '2.0.14' ],
56 silly audit   'normalize-path': [ '3.0.0' ],
56 silly audit   'normalize-range': [ '0.1.2' ],
56 silly audit   'normalize-url': [ '6.1.0' ],
56 silly audit   'npm-run-path': [ '4.0.1' ],
56 silly audit   'nth-check': [ '2.1.1', '1.0.2' ],
56 silly audit   nwsapi: [ '2.2.12' ],
56 silly audit   'object-assign': [ '4.1.1' ],
56 silly audit   'object-hash': [ '3.0.0' ],
56 silly audit   'object-inspect': [ '1.13.2' ],
56 silly audit   'object-is': [ '1.1.6' ],
56 silly audit   'object-keys': [ '1.1.1' ],
56 silly audit   'object.assign': [ '4.1.5' ],
56 silly audit   'object.entries': [ '1.1.8' ],
56 silly audit   'object.fromentries': [ '2.0.8' ],
56 silly audit   'object.getownpropertydescriptors': [ '2.1.8' ],
56 silly audit   'object.groupby': [ '1.0.3' ],
56 silly audit   'object.values': [ '1.2.0' ],
56 silly audit   obuf: [ '1.1.2' ],
56 silly audit   'on-finished': [ '2.4.1' ],
56 silly audit   'on-headers': [ '1.0.2' ],
56 silly audit   once: [ '1.4.0' ],
56 silly audit   onetime: [ '5.1.2' ],
56 silly audit   open: [ '8.4.2' ],
56 silly audit   optionator: [ '0.9.4', '0.8.3' ],
56 silly audit   'p-retry': [ '4.6.2' ],
56 silly audit   'p-try': [ '2.2.0' ],
56 silly audit   'package-json-from-dist': [ '1.0.0' ],
56 silly audit   'param-case': [ '3.0.4' ],
56 silly audit   'parent-module': [ '1.0.1' ],
56 silly audit   'parse-json': [ '5.2.0' ],
56 silly audit   parse5: [ '6.0.1' ],
56 silly audit   parseurl: [ '1.3.3' ],
56 silly audit   'pascal-case': [ '3.1.2' ],
56 silly audit   'path-exists': [ '4.0.0', '3.0.0' ],
56 silly audit   'path-is-absolute': [ '1.0.1' ],
56 silly audit   'path-key': [ '3.1.1' ],
56 silly audit   'path-parse': [ '1.0.7' ],
56 silly audit   'path-scurry': [ '1.11.1' ],
56 silly audit   'path-to-regexp': [ '0.1.7' ],
56 silly audit   'path-type': [ '4.0.0' ],
56 silly audit   'performance-now': [ '2.1.0' ],
56 silly audit   picocolors: [ '1.0.1', '0.2.1' ],
56 silly audit   picomatch: [ '2.3.1' ],
56 silly audit   pify: [ '2.3.0' ],
56 silly audit   pirates: [ '4.0.6' ],
56 silly audit   'pkg-dir': [ '4.2.0' ],
56 silly audit   'pkg-up': [ '3.1.0' ],
56 silly audit   'possible-typed-array-names': [ '1.0.0' ],
56 silly audit   postcss: [ '7.0.39', '8.4.39' ],
56 silly audit   'postcss-attribute-case-insensitive': [ '5.0.2' ],
56 silly audit   'postcss-browser-comments': [ '4.0.0' ],
56 silly audit   'postcss-calc': [ '8.2.4' ],
56 silly audit   'postcss-clamp': [ '4.1.0' ],
56 silly audit   'postcss-color-functional-notation': [ '4.2.4' ],
56 silly audit   'postcss-color-hex-alpha': [ '8.0.4' ],
56 silly audit   'postcss-color-rebeccapurple': [ '7.1.1' ],
56 silly audit   'postcss-colormin': [ '5.3.1' ],
56 silly audit   'postcss-convert-values': [ '5.1.3' ],
56 silly audit   'postcss-custom-media': [ '8.0.2' ],
56 silly audit   'postcss-custom-properties': [ '12.1.11' ],
56 silly audit   'postcss-custom-selectors': [ '6.0.3' ],
56 silly audit   'postcss-dir-pseudo-class': [ '6.0.5' ],
56 silly audit   'postcss-discard-comments': [ '5.1.2' ],
56 silly audit   'postcss-discard-duplicates': [ '5.1.0' ],
56 silly audit   'postcss-discard-empty': [ '5.1.1' ],
56 silly audit   'postcss-discard-overridden': [ '5.1.0' ],
56 silly audit   'postcss-double-position-gradients': [ '3.1.2' ],
56 silly audit   'postcss-env-function': [ '4.0.6' ],
56 silly audit   'postcss-flexbugs-fixes': [ '5.0.2' ],
56 silly audit   'postcss-focus-visible': [ '6.0.4' ],
56 silly audit   'postcss-focus-within': [ '5.0.4' ],
56 silly audit   'postcss-font-variant': [ '5.0.0' ],
56 silly audit   'postcss-gap-properties': [ '3.0.5' ],
56 silly audit   'postcss-image-set-function': [ '4.0.7' ],
56 silly audit   'postcss-import': [ '15.1.0' ],
56 silly audit   'postcss-initial': [ '4.0.1' ],
56 silly audit   'postcss-js': [ '4.0.1' ],
56 silly audit   'postcss-lab-function': [ '4.2.1' ],
56 silly audit   'postcss-load-config': [ '4.0.2' ],
56 silly audit   yaml: [ '2.4.5', '1.10.2' ],
56 silly audit   'postcss-loader': [ '6.2.1' ],
56 silly audit   'postcss-logical': [ '5.0.4' ],
56 silly audit   'postcss-media-minmax': [ '5.0.0' ],
56 silly audit   'postcss-merge-longhand': [ '5.1.7' ],
56 silly audit   'postcss-merge-rules': [ '5.1.4' ],
56 silly audit   'postcss-minify-font-values': [ '5.1.0' ],
56 silly audit   'postcss-minify-gradients': [ '5.1.1' ],
56 silly audit   'postcss-minify-params': [ '5.1.4' ],
56 silly audit   'postcss-minify-selectors': [ '5.2.1' ],
56 silly audit   'postcss-modules-extract-imports': [ '3.1.0' ],
56 silly audit   'postcss-modules-local-by-default': [ '4.0.5' ],
56 silly audit   'postcss-modules-scope': [ '3.2.0' ],
56 silly audit   'postcss-modules-values': [ '4.0.0' ],
56 silly audit   'postcss-nested': [ '6.0.1' ],
56 silly audit   'postcss-nesting': [ '10.2.0' ],
56 silly audit   'postcss-normalize': [ '10.0.1' ],
56 silly audit   'postcss-normalize-charset': [ '5.1.0' ],
56 silly audit   'postcss-normalize-display-values': [ '5.1.0' ],
56 silly audit   'postcss-normalize-positions': [ '5.1.1' ],
56 silly audit   'postcss-normalize-repeat-style': [ '5.1.1' ],
56 silly audit   'postcss-normalize-string': [ '5.1.0' ],
56 silly audit   'postcss-normalize-timing-functions': [ '5.1.0' ],
56 silly audit   'postcss-normalize-unicode': [ '5.1.1' ],
56 silly audit   'postcss-normalize-url': [ '5.1.0' ],
56 silly audit   'postcss-normalize-whitespace': [ '5.1.1' ],
56 silly audit   'postcss-opacity-percentage': [ '1.1.3' ],
56 silly audit   'postcss-ordered-values': [ '5.1.3' ],
56 silly audit   'postcss-overflow-shorthand': [ '3.0.4' ],
56 silly audit   'postcss-page-break': [ '3.0.4' ],
56 silly audit   'postcss-place': [ '7.0.5' ],
56 silly audit   'postcss-preset-env': [ '7.8.3' ],
56 silly audit   'postcss-pseudo-class-any-link': [ '7.1.6' ],
56 silly audit   'postcss-reduce-initial': [ '5.1.2' ],
56 silly audit   'postcss-reduce-transforms': [ '5.1.0' ],
56 silly audit   'postcss-replace-overflow-wrap': [ '4.0.0' ],
56 silly audit   'postcss-selector-not': [ '6.0.1' ],
56 silly audit   'postcss-selector-parser': [ '6.1.1' ],
56 silly audit   'postcss-svgo': [ '5.1.0' ],
56 silly audit   svgo: [ '2.8.0', '1.3.2' ],
56 silly audit   'postcss-unique-selectors': [ '5.1.1' ],
56 silly audit   'postcss-value-parser': [ '4.2.0' ],
56 silly audit   'prelude-ls': [ '1.2.1', '1.1.2' ],
56 silly audit   'pretty-bytes': [ '5.6.0' ],
56 silly audit   'pretty-error': [ '4.0.0' ],
56 silly audit   'process-nextick-args': [ '2.0.1' ],
56 silly audit   promise: [ '8.3.0' ],
56 silly audit   prompts: [ '2.4.2' ],
56 silly audit   'prop-types': [ '15.8.1' ],
56 silly audit   'proxy-addr': [ '2.0.7' ],
56 silly audit   psl: [ '1.9.0' ],
56 silly audit   punycode: [ '2.3.1' ],
56 silly audit   q: [ '1.5.1' ],
56 silly audit   qs: [ '6.11.0' ],
56 silly audit   querystringify: [ '2.2.0' ],
56 silly audit   'queue-microtask': [ '1.2.3' ],
56 silly audit   raf: [ '3.4.1' ],
56 silly audit   randombytes: [ '2.1.0' ],
56 silly audit   'range-parser': [ '1.2.1' ],
56 silly audit   'raw-body': [ '2.5.2' ],
56 silly audit   react: [ '18.3.1' ],
56 silly audit   'react-app-polyfill': [ '3.0.0' ],
56 silly audit   'regenerator-runtime': [ '0.13.11', '0.14.1' ],
56 silly audit   'react-dev-utils': [ '12.0.1' ],
56 silly audit   'react-dom': [ '18.3.1' ],
56 silly audit   'react-error-overlay': [ '6.0.11' ],
56 silly audit   'react-refresh': [ '0.11.0' ],
56 silly audit   'react-scripts': [ '5.0.1' ],
56 silly audit   'read-cache': [ '1.0.0' ],
56 silly audit   readdirp: [ '3.6.0' ],
56 silly audit   'recursive-readdir': [ '2.2.3' ],
56 silly audit   redent: [ '3.0.0' ],
56 silly audit   'reflect.getprototypeof': [ '1.0.6' ],
56 silly audit   regenerate: [ '1.4.2' ],
56 silly audit   'regenerate-unicode-properties': [ '10.1.1' ],
56 silly audit   'regenerator-transform': [ '0.15.2' ],
56 silly audit   'regex-parser': [ '2.3.0' ],
56 silly audit   'regexp.prototype.flags': [ '1.5.2' ],
56 silly audit   'regexpu-core': [ '5.3.2' ],
56 silly audit   regjsparser: [ '0.9.1' ],
56 silly audit   relateurl: [ '0.2.7' ],
56 silly audit   renderkid: [ '3.0.0' ],
56 silly audit   'require-directory': [ '2.1.1' ],
56 silly audit   'require-from-string': [ '2.0.2' ],
56 silly audit   'requires-port': [ '1.0.0' ],
56 silly audit   'resolve-cwd': [ '3.0.0' ],
56 silly audit   'resolve-url-loader': [ '4.0.0' ],
56 silly audit   'resolve.exports': [ '1.1.1' ],
56 silly audit   retry: [ '0.13.1' ],
56 silly audit   reusify: [ '1.0.4' ],
56 silly audit   rimraf: [ '3.0.2' ],
56 silly audit   rollup: [ '2.79.1' ],
56 silly audit   'rollup-plugin-terser': [ '7.0.2' ],
56 silly audit   'serialize-javascript': [ '4.0.0', '6.0.2' ],
56 silly audit   'run-parallel': [ '1.2.0' ],
56 silly audit   'safe-array-concat': [ '1.1.2' ],
56 silly audit   'safe-regex-test': [ '1.0.3' ],
56 silly audit   'safer-buffer': [ '2.1.2' ],
56 silly audit   'sanitize.css': [ '13.0.0' ],
56 silly audit   'sass-loader': [ '12.6.0' ],
56 silly audit   sax: [ '1.2.4' ],
56 silly audit   saxes: [ '5.0.1' ],
56 silly audit   scheduler: [ '0.23.2' ],
56 silly audit   'select-hose': [ '2.0.0' ],
56 silly audit   selfsigned: [ '2.4.1' ],
56 silly audit   send: [ '0.18.0' ],
56 silly audit   'serve-index': [ '1.9.1' ],
56 silly audit   setprototypeof: [ '1.1.0', '1.2.0' ],
56 silly audit   statuses: [ '1.5.0', '2.0.1' ],
56 silly audit   'serve-static': [ '1.15.0' ],
56 silly audit   'set-function-length': [ '1.2.2' ],
56 silly audit   'set-function-name': [ '2.0.2' ],
56 silly audit   'shebang-command': [ '2.0.0' ],
56 silly audit   'shebang-regex': [ '3.0.0' ],
56 silly audit   'shell-quote': [ '1.8.1' ],
56 silly audit   'side-channel': [ '1.0.6' ],
56 silly audit   sisteransi: [ '1.0.5' ],
56 silly audit   sockjs: [ '0.3.24' ],
56 silly audit   'source-list-map': [ '2.0.1' ],
56 silly audit   'source-map-js': [ '1.2.0' ],
56 silly audit   'source-map-loader': [ '3.0.2' ],
56 silly audit   'source-map-support': [ '0.5.21' ],
56 silly audit   'sourcemap-codec': [ '1.4.8' ],
56 silly audit   spdy: [ '4.0.2' ],
56 silly audit   'spdy-transport': [ '3.0.0' ],
56 silly audit   'sprintf-js': [ '1.0.3' ],
56 silly audit   stable: [ '0.1.8' ],
56 silly audit   'stack-utils': [ '2.0.6' ],
56 silly audit   stackframe: [ '1.3.4' ],
56 silly audit   'static-eval': [ '2.0.2' ],
56 silly audit   'type-check': [ '0.3.2', '0.4.0' ],
56 silly audit   'stop-iteration-iterator': [ '1.0.0' ],
56 silly audit   'string-natural-compare': [ '3.0.1' ],
56 silly audit   'string.prototype.includes': [ '2.0.0' ],
56 silly audit   'string.prototype.matchall': [ '4.0.11' ],
56 silly audit   'string.prototype.repeat': [ '1.0.0' ],
56 silly audit   'string.prototype.trim': [ '1.2.9' ],
56 silly audit   'string.prototype.trimend': [ '1.0.8' ],
56 silly audit   'string.prototype.trimstart': [ '1.0.8' ],
56 silly audit   'stringify-object': [ '3.3.0' ],
56 silly audit   'strip-bom': [ '4.0.0', '3.0.0' ],
56 silly audit   'strip-comments': [ '2.0.1' ],
56 silly audit   'strip-final-newline': [ '2.0.0' ],
56 silly audit   'strip-indent': [ '3.0.0' ],
56 silly audit   'strip-json-comments': [ '3.1.1' ],
56 silly audit   'style-loader': [ '3.3.4' ],
56 silly audit   stylehacks: [ '5.1.1' ],
56 silly audit   sucrase: [ '3.35.0' ],
56 silly audit   'supports-hyperlinks': [ '2.3.0' ],
56 silly audit   'supports-preserve-symlinks-flag': [ '1.0.0' ],
56 silly audit   'svg-parser': [ '2.0.4' ],
56 silly audit   'symbol-tree': [ '3.2.4' ],
56 silly audit   'temp-dir': [ '2.0.0' ],
56 silly audit   tempy: [ '0.6.0' ],
56 silly audit   'terminal-link': [ '2.1.1' ],
56 silly audit   terser: [ '5.31.2' ],
56 silly audit   'terser-webpack-plugin': [ '5.3.10' ],
56 silly audit   'test-exclude': [ '6.0.0' ],
56 silly audit   'text-table': [ '0.2.0' ],
56 silly audit   thenify: [ '3.3.1' ],
56 silly audit   'thenify-all': [ '1.6.0' ],
56 silly audit   throat: [ '6.0.2' ],
56 silly audit   thunky: [ '1.1.0' ],
56 silly audit   tmpl: [ '1.0.5' ],
56 silly audit   'to-fast-properties': [ '2.0.0' ],
56 silly audit   'to-regex-range': [ '5.0.1' ],
56 silly audit   toidentifier: [ '1.0.1' ],
56 silly audit   'tough-cookie': [ '4.1.4' ],
56 silly audit   universalify: [ '0.2.0', '2.0.1' ],
56 silly audit   tr46: [ '2.1.0', '1.0.1' ],
56 silly audit   tryer: [ '1.0.1' ],
56 silly audit   'ts-interface-checker': [ '0.1.13' ],
56 silly audit   'tsconfig-paths': [ '3.15.0' ],
56 silly audit   tslib: [ '2.6.3', '1.14.1' ],
56 silly audit   tsutils: [ '3.21.0' ],
56 silly audit   'type-detect': [ '4.0.8' ],
56 silly audit   'type-is': [ '1.6.18' ],
56 silly audit   'typed-array-buffer': [ '1.0.2' ],
56 silly audit   'typed-array-byte-length': [ '1.0.1' ],
56 silly audit   'typed-array-byte-offset': [ '1.0.2' ],
56 silly audit   'typed-array-length': [ '1.0.6' ],
56 silly audit   'typedarray-to-buffer': [ '3.1.5' ],
56 silly audit   typescript: [ '4.9.5' ],
56 silly audit   'unbox-primitive': [ '1.0.2' ],
56 silly audit   underscore: [ '1.12.1' ],
56 silly audit   'unicode-canonical-property-names-ecmascript': [ '2.0.0' ],
56 silly audit   'unicode-match-property-ecmascript': [ '2.0.0' ],
56 silly audit   'unicode-match-property-value-ecmascript': [ '2.1.0' ],
56 silly audit   'unicode-property-aliases-ecmascript': [ '2.1.0' ],
56 silly audit   'unique-string': [ '2.0.0' ],
56 silly audit   unpipe: [ '1.0.0' ],
56 silly audit   unquote: [ '1.1.1' ],
56 silly audit   upath: [ '1.2.0' ],
56 silly audit   'update-browserslist-db': [ '1.1.0' ],
56 silly audit   'uri-js': [ '4.4.1' ],
56 silly audit   'url-parse': [ '1.5.10' ],
56 silly audit   'util-deprecate': [ '1.0.2' ],
56 silly audit   'util.promisify': [ '1.0.1' ],
56 silly audit   utila: [ '0.4.0' ],
56 silly audit   'utils-merge': [ '1.0.1' ],
56 silly audit   uuid: [ '8.3.2' ],
56 silly audit   'v8-to-istanbul': [ '8.1.1' ],
56 silly audit   vary: [ '1.1.2' ],
56 silly audit   'w3c-hr-time': [ '1.0.2' ],
56 silly audit   'w3c-xmlserializer': [ '2.0.0' ],
56 silly audit   walker: [ '1.0.8' ],
56 silly audit   watchpack: [ '2.4.1' ],
56 silly audit   wbuf: [ '1.7.3' ],
56 silly audit   'web-vitals': [ '2.1.4' ],
56 silly audit   webpack: [ '5.93.0' ],
56 silly audit   'webpack-dev-middleware': [ '5.3.4' ],
56 silly audit   'webpack-dev-server': [ '4.15.2' ],
56 silly audit   ws: [ '8.18.0', '7.5.10' ],
56 silly audit   'webpack-manifest-plugin': [ '4.1.1' ],
56 silly audit   'webpack-sources': [ '2.3.1', '3.2.3', '1.4.3' ],
56 silly audit   'websocket-driver': [ '0.7.4' ],
56 silly audit   'websocket-extensions': [ '0.1.4' ],
56 silly audit   'whatwg-encoding': [ '1.0.5' ],
56 silly audit   'whatwg-fetch': [ '3.6.20' ],
56 silly audit   'whatwg-mimetype': [ '2.3.0' ],
56 silly audit   'whatwg-url': [ '8.7.0', '7.1.0' ],
56 silly audit   'which-boxed-primitive': [ '1.0.2' ],
56 silly audit   'which-builtin-type': [ '1.1.3' ],
56 silly audit   'which-collection': [ '1.0.2' ],
56 silly audit   'which-typed-array': [ '1.1.15' ],
56 silly audit   'word-wrap': [ '1.2.5' ],
56 silly audit   'workbox-background-sync': [ '6.6.0' ],
56 silly audit   'workbox-broadcast-update': [ '6.6.0' ],
56 silly audit   'workbox-build': [ '6.6.0' ],
56 silly audit   '@apideck/better-ajv-errors': [ '0.3.6' ],
56 silly audit   'workbox-cacheable-response': [ '6.6.0' ],
56 silly audit   'workbox-core': [ '6.6.0' ],
56 silly audit   'workbox-expiration': [ '6.6.0' ],
56 silly audit   'workbox-google-analytics': [ '6.6.0' ],
56 silly audit   'workbox-navigation-preload': [ '6.6.0' ],
56 silly audit   'workbox-precaching': [ '6.6.0' ],
56 silly audit   'workbox-range-requests': [ '6.6.0' ],
56 silly audit   'workbox-recipes': [ '6.6.0' ],
56 silly audit   'workbox-routing': [ '6.6.0' ],
56 silly audit   'workbox-strategies': [ '6.6.0' ],
56 silly audit   'workbox-streams': [ '6.6.0' ],
56 silly audit   'workbox-sw': [ '6.6.0' ],
56 silly audit   'workbox-webpack-plugin': [ '6.6.0' ],
56 silly audit   'workbox-window': [ '6.6.0' ],
56 silly audit   wrappy: [ '1.0.2' ],
56 silly audit   'write-file-atomic': [ '3.0.3' ],
56 silly audit   'xml-name-validator': [ '3.0.0' ],
56 silly audit   xmlchars: [ '2.2.0' ],
56 silly audit   y18n: [ '5.0.8' ],
56 silly audit   yallist: [ '3.1.1' ],
56 silly audit   yargs: [ '16.2.0' ],
56 silly audit   'yargs-parser': [ '20.2.9' ],
56 silly audit   'yocto-queue': [ '0.1.0' ],
56 silly audit   tailwindcss: [ '3.4.5' ]
56 silly audit }
57 verbose reify failed optional dependency C:\Users\farma_gi04\itstep\hw\hw_Farmanov_06.02.2024\app\node_modules\fsevents
58 silly reify mark deleted [
58 silly reify   'C:\\Users\\farma_gi04\\itstep\\hw\\hw_Farmanov_06.02.2024\\app\\node_modules\\fsevents'
58 silly reify ]
59 timing reifyNode:node_modules/fsevents Completed in 3ms
60 timing reify:unpack Completed in 3ms
61 timing reify:unretire Completed in 0ms
62 timing build:queue Completed in 1ms
63 timing build:deps Completed in 1ms
64 timing build Completed in 1ms
65 timing reify:build Completed in 3ms
66 timing reify:trash Completed in 0ms
67 http fetch POST 200 https://registry.npmjs.org/-/npm/v1/security/advisories/bulk 609ms
68 timing auditReport:getReport Completed in 620ms
69 silly audit report {
69 silly audit report   'nth-check': [
69 silly audit report     {
69 silly audit report       id: 1095141,
69 silly audit report       url: 'https://github.com/advisories/GHSA-rp65-9cf3-cjxr',
69 silly audit report       title: 'Inefficient Regular Expression Complexity in nth-check',
69 silly audit report       severity: 'high',
69 silly audit report       vulnerable_versions: '<2.0.1',
69 silly audit report       cwe: [Array],
69 silly audit report       cvss: [Object]
69 silly audit report     }
69 silly audit report   ],
69 silly audit report   postcss: [
69 silly audit report     {
69 silly audit report       id: 1094544,
69 silly audit report       url: 'https://github.com/advisories/GHSA-7fh5-64p2-3v2j',
69 silly audit report       title: 'PostCSS line return parsing error',
69 silly audit report       severity: 'moderate',
69 silly audit report       vulnerable_versions: '<8.4.31',
69 silly audit report       cwe: [Array],
69 silly audit report       cvss: [Object]
69 silly audit report     }
69 silly audit report   ]
69 silly audit report }
70 timing metavuln:packument:postcss Completed in 0ms
71 timing metavuln:cache:get:security-advisory:nth-check:u9kIbs88jjqPq0zHVBinwei/KZ5GCRRfUp85vuDQlT/Si01qI5XVVQOSRujFCbyFsnHqETob3CApPmYQZ74K2A== Completed in 1ms
72 timing metavuln:cache:get:security-advisory:postcss:ylHlqxOD5gx7vcQurwTZyQHJsodRCM2yV95izcDPSahj+DDa6IEdlDh7BWAlf7fDDEd+NyVQHm50pHmcApHI4w== Completed in 1ms
73 timing metavuln:load:security-advisory:postcss:1094544 Completed in 6ms
74 timing reify:save Completed in 609ms
75 timing metavuln:cache:put:security-advisory:postcss:ylHlqxOD5gx7vcQurwTZyQHJsodRCM2yV95izcDPSahj+DDa6IEdlDh7BWAlf7fDDEd+NyVQHm50pHmcApHI4w== Completed in 421ms
76 timing metavuln:calculate:security-advisory:postcss:1094544 Completed in 428ms
77 http fetch GET 200 https://registry.npmjs.org/nth-check 429ms (cache miss)
78 timing metavuln:packument:nth-check Completed in 429ms
79 timing metavuln:load:security-advisory:nth-check:1095141 Completed in 0ms
80 timing metavuln:cache:put:security-advisory:nth-check:u9kIbs88jjqPq0zHVBinwei/KZ5GCRRfUp85vuDQlT/Si01qI5XVVQOSRujFCbyFsnHqETob3CApPmYQZ74K2A== Completed in 4ms
81 timing metavuln:calculate:security-advisory:nth-check:1095141 Completed in 435ms
82 timing metavuln:cache:get:security-advisory:css-select:SLFoDCntvPIX7nfh4g/iCe2/KeoLVy5CIo+Vtscwot4QJeqx55N/LgyavNwRLdiV5D/6y18tMpVEodIgf/9HMA== Completed in 1ms
83 http fetch GET 200 https://registry.npmjs.org/css-select 108ms (cache miss)
84 timing metavuln:packument:css-select Completed in 108ms
85 timing metavuln:load:security-advisory:css-select:u9kIbs88jjqPq0zHVBinwei/KZ5GCRRfUp85vuDQlT/Si01qI5XVVQOSRujFCbyFsnHqETob3CApPmYQZ74K2A== Completed in 2ms
86 timing metavuln:cache:put:security-advisory:css-select:SLFoDCntvPIX7nfh4g/iCe2/KeoLVy5CIo+Vtscwot4QJeqx55N/LgyavNwRLdiV5D/6y18tMpVEodIgf/9HMA== Completed in 4ms
87 timing metavuln:calculate:security-advisory:css-select:u9kIbs88jjqPq0zHVBinwei/KZ5GCRRfUp85vuDQlT/Si01qI5XVVQOSRujFCbyFsnHqETob3CApPmYQZ74K2A== Completed in 114ms
88 timing metavuln:cache:get:security-advisory:resolve-url-loader:NMmXK6xVhonFWyuVjVZvtHCgDtIj2Xt/NObjzI+nKFgCMVK0SPWnlUyO5ZfDMa1dK6KZVYB4z5/E6SGUubEZmA== Completed in 1ms
89 http fetch GET 200 https://registry.npmjs.org/resolve-url-loader 127ms (cache miss)
90 timing metavuln:packument:resolve-url-loader Completed in 128ms
91 timing metavuln:load:security-advisory:resolve-url-loader:ylHlqxOD5gx7vcQurwTZyQHJsodRCM2yV95izcDPSahj+DDa6IEdlDh7BWAlf7fDDEd+NyVQHm50pHmcApHI4w== Completed in 7ms
92 timing metavuln:cache:put:security-advisory:resolve-url-loader:NMmXK6xVhonFWyuVjVZvtHCgDtIj2Xt/NObjzI+nKFgCMVK0SPWnlUyO5ZfDMa1dK6KZVYB4z5/E6SGUubEZmA== Completed in 4ms
93 timing metavuln:calculate:security-advisory:resolve-url-loader:ylHlqxOD5gx7vcQurwTZyQHJsodRCM2yV95izcDPSahj+DDa6IEdlDh7BWAlf7fDDEd+NyVQHm50pHmcApHI4w== Completed in 140ms
94 timing metavuln:cache:get:security-advisory:svgo:XUKKCUuEIfThVsBLy+oF8GyP7lxkVuLkW//+NY5/KIf8QcWHSFuyi5ASrjDctKGKZ6oI4iYXN2mfMc9AZn06XQ== Completed in 1ms
95 http fetch GET 200 https://registry.npmjs.org/svgo 102ms (cache miss)
96 timing metavuln:packument:svgo Completed in 103ms
97 timing metavuln:load:security-advisory:svgo:SLFoDCntvPIX7nfh4g/iCe2/KeoLVy5CIo+Vtscwot4QJeqx55N/LgyavNwRLdiV5D/6y18tMpVEodIgf/9HMA== Completed in 3ms
98 timing metavuln:cache:put:security-advisory:svgo:XUKKCUuEIfThVsBLy+oF8GyP7lxkVuLkW//+NY5/KIf8QcWHSFuyi5ASrjDctKGKZ6oI4iYXN2mfMc9AZn06XQ== Completed in 4ms
99 timing metavuln:calculate:security-advisory:svgo:SLFoDCntvPIX7nfh4g/iCe2/KeoLVy5CIo+Vtscwot4QJeqx55N/LgyavNwRLdiV5D/6y18tMpVEodIgf/9HMA== Completed in 111ms
100 timing metavuln:cache:get:security-advisory:react-scripts:kKU8uM+qTtInubgYQrn1Pxn81QMWKfkCDfIZjup8wyMg7BSnoJIdXRXTKPG7RjTojqBqBxvALJQnSFxA9BPZoA== Completed in 1ms
101 http fetch GET 200 https://registry.npmjs.org/react-scripts 117ms (cache miss)
102 timing metavuln:packument:react-scripts Completed in 122ms
103 timing metavuln:load:security-advisory:react-scripts:NMmXK6xVhonFWyuVjVZvtHCgDtIj2Xt/NObjzI+nKFgCMVK0SPWnlUyO5ZfDMa1dK6KZVYB4z5/E6SGUubEZmA== Completed in 3ms
104 timing metavuln:cache:put:security-advisory:react-scripts:kKU8uM+qTtInubgYQrn1Pxn81QMWKfkCDfIZjup8wyMg7BSnoJIdXRXTKPG7RjTojqBqBxvALJQnSFxA9BPZoA== Completed in 5ms
105 timing metavuln:calculate:security-advisory:react-scripts:NMmXK6xVhonFWyuVjVZvtHCgDtIj2Xt/NObjzI+nKFgCMVK0SPWnlUyO5ZfDMa1dK6KZVYB4z5/E6SGUubEZmA== Completed in 130ms
106 timing metavuln:cache:get:security-advisory:@svgr/plugin-svgo:EsuzSbf7+Y+7kKOmijkK+GD/doYYcoKZ2epSaSjuMjK3D5MenoOfnownHNwRmdBZcaR1NsuBUK35WDllW+AMMw== Completed in 1ms
107 http fetch GET 200 https://registry.npmjs.org/@svgr%2fplugin-svgo 136ms (cache miss)
108 timing metavuln:packument:@svgr/plugin-svgo Completed in 137ms
109 timing metavuln:load:security-advisory:@svgr/plugin-svgo:XUKKCUuEIfThVsBLy+oF8GyP7lxkVuLkW//+NY5/KIf8QcWHSFuyi5ASrjDctKGKZ6oI4iYXN2mfMc9AZn06XQ== Completed in 2ms
110 timing metavuln:cache:put:security-advisory:@svgr/plugin-svgo:EsuzSbf7+Y+7kKOmijkK+GD/doYYcoKZ2epSaSjuMjK3D5MenoOfnownHNwRmdBZcaR1NsuBUK35WDllW+AMMw== Completed in 5ms
111 timing metavuln:calculate:security-advisory:@svgr/plugin-svgo:XUKKCUuEIfThVsBLy+oF8GyP7lxkVuLkW//+NY5/KIf8QcWHSFuyi5ASrjDctKGKZ6oI4iYXN2mfMc9AZn06XQ== Completed in 144ms
112 timing metavuln:cache:get:security-advisory:@svgr/webpack:IqnIHrynVlqAtMhtysIZT7fFR47WkNiVdS0bltwMCNwW6AuOVEGK8Ns3UrtOyzCH0k8s8awx0D1vcr5HtSiaPw== Completed in 1ms
113 http fetch GET 200 https://registry.npmjs.org/@svgr%2fwebpack 153ms (cache miss)
114 timing metavuln:packument:@svgr/webpack Completed in 154ms
115 timing metavuln:load:security-advisory:@svgr/webpack:EsuzSbf7+Y+7kKOmijkK+GD/doYYcoKZ2epSaSjuMjK3D5MenoOfnownHNwRmdBZcaR1NsuBUK35WDllW+AMMw== Completed in 3ms
116 timing metavuln:cache:put:security-advisory:@svgr/webpack:IqnIHrynVlqAtMhtysIZT7fFR47WkNiVdS0bltwMCNwW6AuOVEGK8Ns3UrtOyzCH0k8s8awx0D1vcr5HtSiaPw== Completed in 4ms
117 timing metavuln:calculate:security-advisory:@svgr/webpack:EsuzSbf7+Y+7kKOmijkK+GD/doYYcoKZ2epSaSjuMjK3D5MenoOfnownHNwRmdBZcaR1NsuBUK35WDllW+AMMw== Completed in 162ms
118 timing metavuln:cache:get:security-advisory:react-scripts:Oynm4f28m7wqpHeAVQPAu6HUX0KhswQORZBCdzEDs2/Qk227PWimoI5yjY/d79GoOSw+zJpJ6uMhVBngEzK4zQ== Completed in 1ms
119 timing metavuln:load:security-advisory:react-scripts:IqnIHrynVlqAtMhtysIZT7fFR47WkNiVdS0bltwMCNwW6AuOVEGK8Ns3UrtOyzCH0k8s8awx0D1vcr5HtSiaPw== Completed in 3ms
120 timing metavuln:cache:put:security-advisory:react-scripts:Oynm4f28m7wqpHeAVQPAu6HUX0KhswQORZBCdzEDs2/Qk227PWimoI5yjY/d79GoOSw+zJpJ6uMhVBngEzK4zQ== Completed in 5ms
121 timing metavuln:calculate:security-advisory:react-scripts:IqnIHrynVlqAtMhtysIZT7fFR47WkNiVdS0bltwMCNwW6AuOVEGK8Ns3UrtOyzCH0k8s8awx0D1vcr5HtSiaPw== Completed in 9ms
122 timing auditReport:init Completed in 1256ms
123 timing reify:audit Completed in 1877ms
124 timing reify Completed in 4218ms
125 silly ADD
126 timing command:i Completed in 4233ms
127 notice
127 notice New [33mminor[39m version of npm available! [31m10.2.4[39m -> [32m10.8.2[39m
127 notice Changelog: [36mhttps://github.com/npm/cli/releases/tag/v10.8.2[39m
127 notice Run [32mnpm install -g npm@10.8.2[39m to update!
127 notice
128 verbose exit 0
129 timing npm Completed in 4594ms
130 info ok
